================================================================================
                                  CLUSTER GEN                                   
================================================================================
Start Time: 2026-04-15 15:21:41
Python Version: 3.9.23
Working Directory: /media/storage_6/lme/master_thesis/cluster_generation
Log File: /media/storage_6/lme/master_thesis/cluster_generation/cluster_gen.out
Made by: Lukas Meinschad
========================================================================
                         Cluster Initialization                         
========================================================================
Configuration:
  QM Method (Optimization): mp2
  Basis Set (Optimization): cc-pvdz
  Simulation Box Type: sphere
  Simulation Box Scale Factor: 1.3
  Minimum Distance Between Submolecules: 0.8 Angstrom
  Candidate configurations generated: 10000
  Workers (n_keep) for energy ranking: 10
  Energy Evaluation Backend: xtb
  xTB Method (if applicable): GFN2-xTB


[1/5] Loading molecule from test_molecules/co2_h2o.xyz
 Loaded: 6 atoms

[2/5] Fragmenting molecule into submolecules
 Found 2 submolecules:
  Submolecule 1: 3 atoms
  Submolecule 2: 3 atoms

[3/5] Optimizing Submolecules (parallelized)
Workers: 2
  Submolecule 2 optimized successfully
  Submolecule 1 optimized successfully

[4/5] Creating simulation box
 Box type:  sphere
 Radius: 2.40 Angstrom
 Volume: 57.76 Angstrom^3

Energy evaluation complete: 10000 successful, 0 failed
Pre-screening completed: 10000 valid configurations out of 10000 generated.
Statistics of generated configurations:
  Energy range: -15.377748 to -15.377465 Hartree
  Energy of lowest-energy candidate: -15.377748 Hartree
  Energy of highest-energy selected candidate: -15.377465 Hartree
  Energy distribution: mean -15.341048, median -15.372740, std 0.108507 Hartree
============================================================
Initialization Complete!
Total atoms: 6
Submolecules: 2
Simulation box type: sphere
Candidates generated: 10000, Valid: 10000, Failed: 0
Sekected for workers: 10, Energy range: -15.377748 to -15.377465 Hartree
Box radius: 2.40 Angstrom
Box volume: 57.76 Angstrom^3
Wrote 10 structures to trajectories/initial_candidates.xyz
========================================================================
                    Phase A: Global PES Exploration                     
========================================================================
Configuration:
  Workers: 10
  Steps per worker: 3000
  Total steps: 30000
  Method/Basis: hf/cc-pvdz
  Temperature: 5000 K
  Adaptive operators: True
  Operators: twist, large_displacement, mirror, roto_reflection, exchange, random_so3, principal_axis_rotation, com_com_approach, com_com_separation
  Independent initial configs: 10
  Simulation Box: <box.SimulationBox object at 0x7f45f2e8f730>
  Worker log: bhmc_workers.log
Estimated single point time: 0.01 seconds (Energy: -15.377748 Hartree)
Estimated Phase A time: 3.19 minutes
Starting parallel BHMC chains...
  Worker 0: 1902 structures accepted, 3001 trajectory points, 421 box updates  Operator acceptance rates: twist: 45.9%, large_displacement: 69.2%, mirror: 52.6%, roto_reflection: 21.3%, exchange: 73.0%, random_so3: 78.0%, principal_axis_rotation: 84.8%, com_com_approach: 95.5%, com_com_separation: 96.8%
  Worker 1: 2015 structures accepted, 3001 trajectory points, 454 box updates  Operator acceptance rates: twist: 51.5%, large_displacement: 72.2%, mirror: 59.9%, roto_reflection: 29.0%, exchange: 71.6%, random_so3: 75.8%, principal_axis_rotation: 86.7%, com_com_approach: 89.7%, com_com_separation: 98.4%
  Worker 2: 2017 structures accepted, 3001 trajectory points, 433 box updates  Operator acceptance rates: twist: 50.7%, large_displacement: 75.6%, mirror: 58.4%, roto_reflection: 25.5%, exchange: 78.8%, random_so3: 78.4%, principal_axis_rotation: 83.7%, com_com_approach: 93.5%, com_com_separation: 95.2%
  Worker 3: 1998 structures accepted, 3001 trajectory points, 414 box updates  Operator acceptance rates: twist: 50.4%, large_displacement: 71.8%, mirror: 56.5%, roto_reflection: 28.5%, exchange: 75.3%, random_so3: 75.9%, principal_axis_rotation: 89.6%, com_com_approach: 94.3%, com_com_separation: 97.6%
  Worker 4: 1954 structures accepted, 3001 trajectory points, 407 box updates  Operator acceptance rates: twist: 46.9%, large_displacement: 73.5%, mirror: 54.0%, roto_reflection: 22.3%, exchange: 67.8%, random_so3: 79.7%, principal_axis_rotation: 88.8%, com_com_approach: 93.9%, com_com_separation: 97.6%
  Worker 5: 1881 structures accepted, 3001 trajectory points, 395 box updates  Operator acceptance rates: twist: 42.4%, large_displacement: 68.7%, mirror: 47.2%, roto_reflection: 19.9%, exchange: 75.4%, random_so3: 84.0%, principal_axis_rotation: 86.4%, com_com_approach: 94.9%, com_com_separation: 97.6%
  Worker 6: 0 structures accepted, 3001 trajectory points, 1 box updates  Operator acceptance rates: twist: 0.0%, large_displacement: 0.0%, mirror: 0.0%, roto_reflection: 0.0%, exchange: 0.0%, random_so3: 0.0%, principal_axis_rotation: 0.0%, com_com_approach: 0.0%, com_com_separation: 0.0%
  Worker 7: 1987 structures accepted, 3001 trajectory points, 432 box updates  Operator acceptance rates: twist: 48.0%, large_displacement: 71.1%, mirror: 56.8%, roto_reflection: 29.7%, exchange: 71.0%, random_so3: 81.2%, principal_axis_rotation: 86.5%, com_com_approach: 94.4%, com_com_separation: 97.6%
  Worker 8: 1935 structures accepted, 3001 trajectory points, 427 box updates  Operator acceptance rates: twist: 47.4%, large_displacement: 73.9%, mirror: 48.0%, roto_reflection: 21.2%, exchange: 75.0%, random_so3: 82.0%, principal_axis_rotation: 89.2%, com_com_approach: 94.4%, com_com_separation: 97.3%
  Worker 9: 2047 structures accepted, 3001 trajectory points, 436 box updates  Operator acceptance rates: twist: 51.3%, large_displacement: 78.2%, mirror: 54.5%, roto_reflection: 27.2%, exchange: 78.0%, random_so3: 81.2%, principal_axis_rotation: 87.0%, com_com_approach: 96.9%, com_com_separation: 98.2%
Size of accepted structures (Phase A): 0.16 MB
------------------------------------------------------------------------
Phase A Results
------------------------------------------------------------------------
Total steps: 30000
Total accepted: 17736
Overall acceptance rate: 59.12%
Energy Statistics (Hartree):
  Min:  -15.377666
  Max:  -15.269528
  Mean: -15.372631
  Std:  0.005750
Dipole Statistics (Debye):
  Min:  0.4054
  Max:  0.7654
  Mean: 0.4848
  Std:  0.0177
Profiling Results for Phase A:
Current memory usage: 55.88 MB; Peak memory usage: 61.73 MB
Wrote 17736 structures to trajectories/phase_a_candidates.xyz
========================================================================
                            Phase A Analysis                            
========================================================================
Total structures: 17736
Target clusters: 5
Added batch of 17736 structures to phase: unknown. Total structures in this phase: 17736
Size of new structures added: 0.85 MB
Energy Statistics (phase: all):
  N Structures: 17736
  Min: -15.377666
  Max: -15.269528
  Mean: -15.372631
  Median: -15.374130
  Std: 0.005750
  Q25: -15.374861
  Q75: -15.373351
  IQR: 0.001510
Dipole Magnitude Statistics (Debye):
  Min:  0.4054
  Max:  0.7654
  Mean: 0.4848
  Std:  0.0177
High energy outlier filtering (method=iqr, threshold=-15.371087) - Phase: all - 15158 structures remaining (removed 2578)
Computing and caching feature matrix...
Computing Mulliken charge features for 15158 - Phase: all
Mulliken Charge Statistics (non-zero values):
  Count: 90948
  Mean: -0.0000
  Std: 0.3619
  Min: -0.5928
  Max: 0.4691
Computing H-bond features for 15158 (angle_threshold=150.0°) - Phase: all
Using 42 parallel processes for H-bond computation
Starting multiprocessing pool for H-bond feature computation...
Structures with H-bonds: 101/15158
Total H-bond configs: 101
Avg H-bonds per struct (with H-bonds): 1.00
Avg H-bond angle: 159.21° (std: 6.58°)
Min/Max H-bond angle: 150.14° / 173.97°
Avg D-A distance: 2.86 Å (std: 0.11 Å)
Feature matrix shape: (15158, 49)
Features: ['Delta E', 'RMSD', 'Rg', 'Rot A', 'Rot B', 'Rot C', 'Num H-bonds', 'Avg H-bond Angle', 'Avg D-A Distance', 'Intermolecular Distances...', 'Coulomb Matrix...', 'Asphericity', 'Acylindricity', 'Kappa^2', 'Dipole Magnitude', 'Mulliken Charges...']
Feature 0 variance: 0.000001
Feature 1 variance: 0.976084
Feature 2 variance: 0.177106
Feature 3 variance: 0.000000
Feature 4 variance: 0.000000
Feature 5 variance: 0.000000
Feature 6 variance: 0.006619
Feature 7 variance: 168.059680
Feature 8 variance: 0.054039
Feature 9 variance: 0.000000
Feature 10 variance: 0.000000
Feature 11 variance: 1.039297
Feature 12 variance: 1.158075
Feature 13 variance: 1.161162
Feature 14 variance: 0.000000
Feature 15 variance: 1.296554
Feature 16 variance: 1.434446
Feature 17 variance: 1.427288
Feature 18 variance: 1.285785
Feature 19 variance: 1.413176
Feature 20 variance: 1.428663
Feature 21 variance: 0.000000
Feature 22 variance: 0.000000
Feature 23 variance: 0.000000
Feature 24 variance: 0.000000
Feature 25 variance: 0.084281
Feature 26 variance: 0.106766
Feature 27 variance: 0.131084
Feature 28 variance: 0.152116
Feature 29 variance: 0.199651
Feature 30 variance: 0.411047
Feature 31 variance: 0.067039
Feature 32 variance: 0.001711
Feature 33 variance: 7.509399
Feature 34 variance: 10.100973
Feature 35 variance: 16.258807
Feature 36 variance: 0.000015
Feature 37 variance: 0.000000
Feature 38 variance: 0.000000
Feature 39 variance: 1.025924
Feature 40 variance: 3.982710
Feature 41 variance: 0.038368
Feature 42 variance: 0.000136
Feature 43 variance: 0.000006
Feature 44 variance: 0.000044
Feature 45 variance: 0.000045
Feature 46 variance: 0.000016
Feature 47 variance: 0.000012
Feature 48 variance: 0.000013
Removed 12 zero-variance features. New shape: (15158, 37)
Feature 0 stats: mean=0.0033, std=0.0011, min=0.0000, max=0.0066
Feature 1 stats: mean=3.6833, std=0.9880, min=0.0000, max=6.6581
Feature 2 stats: mean=2.0875, std=0.4208, min=1.3480, max=3.7411
Feature 3 stats: mean=0.0067, std=0.0814, min=0.0000, max=1.0000
Feature 4 stats: mean=1.0608, std=12.9638, min=0.0000, max=173.9722
Feature 5 stats: mean=0.0190, std=0.2325, min=0.0000, max=3.0397
Feature 6 stats: mean=4.1681, std=1.0195, min=2.2268, max=8.0589
Feature 7 stats: mean=4.2485, std=1.0761, min=2.1592, max=8.7721
Feature 8 stats: mean=4.2422, std=1.0776, min=2.1487, max=8.6024
Feature 9 stats: mean=4.2912, std=1.1387, min=2.3268, max=8.7677
Feature 10 stats: mean=4.3606, std=1.1977, min=1.7619, max=9.1607
Feature 11 stats: mean=4.3634, std=1.1947, min=1.6887, max=9.0922
Feature 12 stats: mean=4.3122, std=1.1339, min=2.3267, max=8.7170
Feature 13 stats: mean=4.3955, std=1.1888, min=1.7390, max=9.2866
Feature 14 stats: mean=4.3803, std=1.1953, min=1.7562, max=9.1573
Feature 15 stats: mean=1.3708, std=0.2903, min=0.6840, max=2.4467
Feature 16 stats: mean=1.5374, std=0.3268, min=0.7120, max=2.6321
Feature 17 stats: mean=1.6866, std=0.3621, min=0.8615, max=2.7592
Feature 18 stats: mean=1.8025, std=0.3900, min=0.9074, max=3.0744
Feature 19 stats: mean=2.0668, std=0.4468, min=0.9345, max=3.7724
Feature 20 stats: mean=2.4288, std=0.6411, min=0.9539, max=4.7375
Feature 21 stats: mean=8.2318, std=0.2589, min=5.9561, max=8.2925
Feature 22 stats: mean=8.2903, std=0.0414, min=7.2995, max=8.2937
Feature 23 stats: mean=12.2422, std=2.7403, min=8.1426, max=21.5560
Feature 24 stats: mean=14.1034, std=3.1782, min=8.2925, max=25.1356
Feature 25 stats: mean=17.7034, std=4.0322, min=8.2937, max=27.2019
Feature 26 stats: mean=27.2019, std=0.0039, min=27.2019, max=27.5063
Feature 27 stats: mean=4.1681, std=1.0129, min=2.2830, max=8.0191
Feature 28 stats: mean=3.7310, std=1.9957, min=0.7130, max=13.0811
Feature 29 stats: mean=0.5161, std=0.1959, min=0.0017, max=0.7316
Feature 30 stats: mean=0.4836, std=0.0117, min=0.4330, max=0.5597
Feature 31 stats: mean=0.4552, std=0.0025, min=0.4474, max=0.4691
Feature 32 stats: mean=-0.2276, std=0.0067, min=-0.2653, max=-0.2034
Feature 33 stats: mean=-0.2274, std=0.0067, min=-0.2666, max=-0.2035
Feature 34 stats: mean=-0.5627, std=0.0040, min=-0.5928, max=-0.5539
Feature 35 stats: mean=0.2813, std=0.0035, min=0.2685, max=0.3029
Feature 36 stats: mean=0.2813, std=0.0036, min=0.2673, max=0.3034
Feature matrix computed and cached.
Size of raw feature matrix: 4.49 MB
Size of normalized feature matrix: 4.49 MB
Current memory usage: 19.73 MB; Peak memory usage: 20.75 MB
Time taken to compute feature matrix: 127.07 seconds
Current memory usage: 0.01 MB; Peak memory usage: 0.01 MB
Time taken to compute feature matrix: 0.00 seconds
Top 37 features for PC1:
 Asphericity          : 0.2335
 Rg                   : 0.2331
 Dist_2               : 0.2320
 Acylindricity        : 0.2278
 Coulomb_3            : -0.2241
 Coulomb_2            : -0.2238
 Coulomb_1            : -0.2222
 Coulomb_9            : -0.2216
 Coulomb_4            : -0.2214
 Coulomb_10           : -0.2168
 Dist_4               : 0.2159
 Dist_3               : 0.2151
 Coulomb_5            : -0.2135
 Coulomb_11           : -0.2094
 Dist_6               : 0.2001
 Dist_9               : 0.1994
 Coulomb_6            : -0.1977
 Dist_8               : 0.1882
 Dist_7               : 0.1877
 Dist_11              : 0.1869
 Dist_10              : 0.1860
 Coulomb_7            : -0.1328
 Mulliken_3           : 0.0988
 Mulliken_0           : -0.0789
 Coulomb_8            : -0.0600
 Mulliken_5           : -0.0591
 Mulliken_4           : -0.0572
 Kappa^2              : -0.0462
 Num H-bonds          : -0.0257
 Avg H-bond Angle     : -0.0257
 Avg D-A Distance     : -0.0256
 Mulliken_1           : 0.0222
 Delta E              : 0.0194
 Mulliken_2           : 0.0100
 Dipole Magnitude     : 0.0079
 Coulomb_12           : -0.0060
 RMSD                 : 0.0055
--- Benchmarking Clustering Algorithms Complexity ---
Current memory usage: 0.01 MB; Peak memory usage: 0.01 MB
Time taken to compute feature matrix: 0.00 seconds
Operation Benchmark start (phase = all, n=15158, m=37, k_values=(2, 5, 10, 20, 50, 100))
--- k=2 ---
dbscan_avg      : Total Ops = 7.79e+06, Ops/Sample = 5.14e+02
hdbscan_avg     : Total Ops = 7.79e+06, Ops/Sample = 5.14e+02
kmeans          : Total Ops = 3.37e+08, Ops/Sample = 2.22e+04
agglomerative   : Total Ops = 8.50e+09, Ops/Sample = 5.61e+05
Lowest Ops/Sample for k=2: dbscan_avg with 5.14e+02 ops/sample
--- End of Clustering Operation Benchmark ---

--- k=5 ---
dbscan_avg      : Total Ops = 7.79e+06, Ops/Sample = 5.14e+02
hdbscan_avg     : Total Ops = 7.79e+06, Ops/Sample = 5.14e+02
kmeans          : Total Ops = 8.41e+08, Ops/Sample = 5.55e+04
agglomerative   : Total Ops = 8.50e+09, Ops/Sample = 5.61e+05
Lowest Ops/Sample for k=5: dbscan_avg with 5.14e+02 ops/sample
--- End of Clustering Operation Benchmark ---

--- k=10 ---
dbscan_avg      : Total Ops = 7.79e+06, Ops/Sample = 5.14e+02
hdbscan_avg     : Total Ops = 7.79e+06, Ops/Sample = 5.14e+02
kmeans          : Total Ops = 1.68e+09, Ops/Sample = 1.11e+05
agglomerative   : Total Ops = 8.50e+09, Ops/Sample = 5.61e+05
Lowest Ops/Sample for k=10: dbscan_avg with 5.14e+02 ops/sample
--- End of Clustering Operation Benchmark ---

--- k=20 ---
dbscan_avg      : Total Ops = 7.79e+06, Ops/Sample = 5.14e+02
hdbscan_avg     : Total Ops = 7.79e+06, Ops/Sample = 5.14e+02
kmeans          : Total Ops = 3.37e+09, Ops/Sample = 2.22e+05
agglomerative   : Total Ops = 8.50e+09, Ops/Sample = 5.61e+05
Lowest Ops/Sample for k=20: dbscan_avg with 5.14e+02 ops/sample
--- End of Clustering Operation Benchmark ---

--- k=50 ---
dbscan_avg      : Total Ops = 7.79e+06, Ops/Sample = 5.14e+02
hdbscan_avg     : Total Ops = 7.79e+06, Ops/Sample = 5.14e+02
kmeans          : Total Ops = 8.41e+09, Ops/Sample = 5.55e+05
agglomerative   : Total Ops = 8.50e+09, Ops/Sample = 5.61e+05
Lowest Ops/Sample for k=50: dbscan_avg with 5.14e+02 ops/sample
--- End of Clustering Operation Benchmark ---

--- k=100 ---
dbscan_avg      : Total Ops = 7.79e+06, Ops/Sample = 5.14e+02
hdbscan_avg     : Total Ops = 7.79e+06, Ops/Sample = 5.14e+02
agglomerative   : Total Ops = 8.50e+09, Ops/Sample = 5.61e+05
kmeans          : Total Ops = 1.68e+10, Ops/Sample = 1.11e+06
Lowest Ops/Sample for k=100: dbscan_avg with 5.14e+02 ops/sample
--- End of Clustering Operation Benchmark ---

---- Noise Assessment Start ----
Current memory usage: 0.01 MB; Peak memory usage: 0.01 MB
Time taken to compute feature matrix: 0.00 seconds
Using internal raw feature matrix for noise assessment.
Noise Assessment Results:
Mean Distance Shift: 21.6724
Std Ratio (Noise/Clean): 3.7362
95th Percentile Shift: 44.3529
Distribution Overlap: 0.0215
---- Noise Assessment End ----
Performing KMeans Clustering (n_clusters=5, n_init=10, max_iter=300) for phase: all - n_structures: 15158
Current memory usage: 0.01 MB; Peak memory usage: 0.01 MB
Time taken to compute feature matrix: 0.00 seconds
Current memory usage: 0.01 MB; Peak memory usage: 0.01 MB
Time taken to compute feature matrix: 0.00 seconds
Performing KMeans Clustering (n_clusters=5, n_init=10, max_iter=300) for phase: all - n_structures: 15158
Current memory usage: 0.01 MB; Peak memory usage: 0.01 MB
Time taken to compute feature matrix: 0.00 seconds
Performing KMeans Clustering (n_clusters=5, n_init=10, max_iter=300) for phase: all - n_structures: 15158
Current memory usage: 0.01 MB; Peak memory usage: 0.01 MB
Time taken to compute feature matrix: 0.00 seconds
Current memory usage: 0.01 MB; Peak memory usage: 0.01 MB
Time taken to compute feature matrix: 0.00 seconds
Current memory usage: 0.01 MB; Peak memory usage: 0.01 MB
Time taken to compute feature matrix: 0.00 seconds
Performing KMeans Clustering (n_clusters=5, n_init=10, max_iter=300) for phase: all - n_structures: 15158
Current memory usage: 0.01 MB; Peak memory usage: 0.01 MB
Time taken to compute feature matrix: 0.00 seconds
Performing KMeans Clustering (n_clusters=5, n_init=10, max_iter=300) for phase: all - n_structures: 15158
Current memory usage: 0.01 MB; Peak memory usage: 0.01 MB
Time taken to compute feature matrix: 0.00 seconds
Current memory usage: 0.01 MB; Peak memory usage: 0.01 MB
Time taken to compute feature matrix: 0.00 seconds
Current memory usage: 0.01 MB; Peak memory usage: 0.01 MB
Time taken to compute feature matrix: 0.00 seconds
Cluster 0: representative index 13290, E=-15.374555 Ha
Cluster 1: representative index 6545, E=-15.377666 Ha
Cluster 2: representative index 5280, E=-15.376803 Ha
Cluster 3: representative index 5707, E=-15.376131 Ha
Cluster 4: representative index 15011, E=-15.376451 Ha
Total clusters (excluding noise): 5. Representatives obtained: 5
Current memory usage: 0.01 MB; Peak memory usage: 0.01 MB
Time taken to compute feature matrix: 0.00 seconds
Current memory usage: 0.01 MB; Peak memory usage: 0.01 MB
Time taken to compute feature matrix: 0.00 seconds
Writing representative features to cluster_features.log
Most varied feature among representatives: Avg H-bond Angle (variance: 4178.1733)
========================================================================
           Crossover Interpolation of Phase A Representatives           
========================================================================
Interpolating between Representative 0 and 1...
Interpolating between Representative 0 and 2...
Interpolating between Representative 0 and 3...
Interpolating between Representative 0 and 4...
Interpolating between Representative 1 and 2...
Interpolating between Representative 1 and 3...
Interpolating between Representative 1 and 4...
Interpolating between Representative 2 and 3...
Interpolating between Representative 2 and 4...
Interpolating between Representative 3 and 4...
Generated 20 crossover structures from 5 representatives
Wrote 20 structures to trajectories/phase_a_crossover_structures.xyz
========================================================================
                           Local Optimization                           
========================================================================
Optimized 5/5 structures successfully
Wrote 17736 structures to trajectories/phase_a_candidates.xyz
Wrote 5 structures to trajectories/representatives.xyz
Wrote 5 structures to trajectories/optimized_representatives.xyz
========================================================================
Total runtime: 475.5s (7.9 min)
========================================================================
