================================================================================
                                  CLUSTER GEN                                   
================================================================================
Start Time: 2026-04-15 15:31:23
Python Version: 3.9.23
Working Directory: /media/storage_6/lme/master_thesis/cluster_generation
Log File: /media/storage_6/lme/master_thesis/cluster_generation/cluster_gen.out
Made by: Lukas Meinschad
========================================================================
                         Cluster Initialization                         
========================================================================
Configuration:
  QM Method (Optimization): mp2
  Basis Set (Optimization): cc-pvdz
  Simulation Box Type: sphere
  Simulation Box Scale Factor: 1.3
  Minimum Distance Between Submolecules: 0.8 Angstrom
  Candidate configurations generated: 10000
  Workers (n_keep) for energy ranking: 10
  Energy Evaluation Backend: xtb
  xTB Method (if applicable): GFN2-xTB


[1/5] Loading molecule from test_molecules/nh3_2.xyz
 Loaded: 8 atoms

[2/5] Fragmenting molecule into submolecules
 Found 2 submolecules:
  Submolecule 1: 4 atoms
  Submolecule 2: 4 atoms

[3/5] Optimizing Submolecules (parallelized)
Workers: 2
  Submolecule 1 optimized successfully
  Submolecule 2 optimized successfully

[4/5] Creating simulation box
 Box type:  sphere
 Radius: 2.42 Angstrom
 Volume: 59.18 Angstrom^3

Energy evaluation complete: 10000 successful, 0 failed
Pre-screening completed: 10000 valid configurations out of 10000 generated.
Statistics of generated configurations:
  Energy range: -8.855158 to -8.854943 Hartree
  Energy of lowest-energy candidate: -8.855158 Hartree
  Energy of highest-energy selected candidate: -8.854943 Hartree
  Energy distribution: mean -8.835432, median -8.849670, std 0.057310 Hartree
============================================================
Initialization Complete!
Total atoms: 8
Submolecules: 2
Simulation box type: sphere
Candidates generated: 10000, Valid: 10000, Failed: 0
Sekected for workers: 10, Energy range: -8.855158 to -8.854943 Hartree
Box radius: 2.42 Angstrom
Box volume: 59.18 Angstrom^3
Wrote 10 structures to trajectories/initial_candidates.xyz
========================================================================
                    Phase A: Global PES Exploration                     
========================================================================
Configuration:
  Workers: 10
  Steps per worker: 3000
  Total steps: 30000
  Method/Basis: hf/cc-pvdz
  Temperature: 5000 K
  Adaptive operators: True
  Operators: twist, large_displacement, mirror, roto_reflection, exchange, random_so3, principal_axis_rotation, com_com_approach, com_com_separation
  Independent initial configs: 10
  Simulation Box: <box.SimulationBox object at 0x7fa30aa0d070>
  Worker log: bhmc_workers.log
Estimated single point time: 0.01 seconds (Energy: -8.855158 Hartree)
Estimated Phase A time: 3.78 minutes
Starting parallel BHMC chains...
  Worker 0: 1920 structures accepted, 3001 trajectory points, 405 box updates  Operator acceptance rates: twist: 50.4%, large_displacement: 67.9%, mirror: 45.7%, roto_reflection: 21.2%, exchange: 76.3%, random_so3: 81.8%, principal_axis_rotation: 87.9%, com_com_approach: 90.6%, com_com_separation: 96.4%
  Worker 1: 1649 structures accepted, 3001 trajectory points, 371 box updates  Operator acceptance rates: twist: 39.9%, large_displacement: 58.4%, mirror: 43.3%, roto_reflection: 25.2%, exchange: 62.3%, random_so3: 69.6%, principal_axis_rotation: 74.2%, com_com_approach: 79.7%, com_com_separation: 79.6%
  Worker 2: 1872 structures accepted, 3001 trajectory points, 394 box updates  Operator acceptance rates: twist: 46.3%, large_displacement: 66.8%, mirror: 49.7%, roto_reflection: 19.8%, exchange: 72.5%, random_so3: 79.0%, principal_axis_rotation: 83.7%, com_com_approach: 90.5%, com_com_separation: 95.4%
  Worker 3: 1815 structures accepted, 3001 trajectory points, 367 box updates  Operator acceptance rates: twist: 42.2%, large_displacement: 69.2%, mirror: 50.1%, roto_reflection: 19.9%, exchange: 75.0%, random_so3: 71.9%, principal_axis_rotation: 80.5%, com_com_approach: 83.4%, com_com_separation: 89.8%
  Worker 4: 1982 structures accepted, 3001 trajectory points, 429 box updates  Operator acceptance rates: twist: 47.9%, large_displacement: 72.7%, mirror: 50.4%, roto_reflection: 26.3%, exchange: 78.9%, random_so3: 88.2%, principal_axis_rotation: 87.5%, com_com_approach: 96.8%, com_com_separation: 98.0%
  Worker 5: 1995 structures accepted, 3001 trajectory points, 419 box updates  Operator acceptance rates: twist: 50.2%, large_displacement: 69.9%, mirror: 56.5%, roto_reflection: 27.6%, exchange: 76.2%, random_so3: 78.2%, principal_axis_rotation: 87.9%, com_com_approach: 91.8%, com_com_separation: 93.6%
  Worker 6: 1835 structures accepted, 3001 trajectory points, 397 box updates  Operator acceptance rates: twist: 50.9%, large_displacement: 66.8%, mirror: 46.2%, roto_reflection: 25.9%, exchange: 66.9%, random_so3: 76.6%, principal_axis_rotation: 80.6%, com_com_approach: 85.4%, com_com_separation: 86.4%
  Worker 7: 2042 structures accepted, 3001 trajectory points, 436 box updates  Operator acceptance rates: twist: 52.0%, large_displacement: 74.7%, mirror: 50.9%, roto_reflection: 27.7%, exchange: 81.5%, random_so3: 83.7%, principal_axis_rotation: 87.5%, com_com_approach: 94.7%, com_com_separation: 92.2%
  Worker 8: 1985 structures accepted, 3001 trajectory points, 428 box updates  Operator acceptance rates: twist: 50.6%, large_displacement: 73.1%, mirror: 53.6%, roto_reflection: 25.7%, exchange: 75.0%, random_so3: 79.5%, principal_axis_rotation: 87.6%, com_com_approach: 92.8%, com_com_separation: 93.1%
  Worker 9: 0 structures accepted, 3001 trajectory points, 1 box updates  Operator acceptance rates: twist: 0.0%, large_displacement: 0.0%, mirror: 0.0%, roto_reflection: 0.0%, exchange: 0.0%, random_so3: 0.0%, principal_axis_rotation: 0.0%, com_com_approach: 0.0%, com_com_separation: 0.0%
Size of accepted structures (Phase A): 0.15 MB
------------------------------------------------------------------------
Phase A Results
------------------------------------------------------------------------
Total steps: 30000
Total accepted: 17095
Overall acceptance rate: 56.98%
Energy Statistics (Hartree):
  Min:  -8.855205
  Max:  -8.767710
  Mean: -8.848949
  Std:  0.006159
Dipole Statistics (Debye):
  Min:  0.0061
  Max:  1.0298
  Mean: 0.5592
  Std:  0.1986
Profiling Results for Phase A:
Current memory usage: 62.69 MB; Peak memory usage: 62.93 MB
Wrote 17095 structures to trajectories/phase_a_candidates.xyz
========================================================================
                            Phase A Analysis                            
========================================================================
Total structures: 17095
Target clusters: 5
Added batch of 17095 structures to phase: unknown. Total structures in this phase: 17095
Size of new structures added: 0.82 MB
Energy Statistics (phase: all):
  N Structures: 17095
  Min: -8.855205
  Max: -8.767710
  Mean: -8.848949
  Median: -8.850643
  Std: 0.006159
  Q25: -8.851595
  Q75: -8.849266
  IQR: 0.002330
Dipole Magnitude Statistics (Debye):
  Min:  0.0061
  Max:  1.0298
  Mean: 0.5592
  Std:  0.1986
High energy outlier filtering (method=iqr, threshold=-8.845771) - Phase: all - 14868 structures remaining (removed 2227)
Computing and caching feature matrix...
Computing Mulliken charge features for 14868 - Phase: all
Mulliken Charge Statistics (non-zero values):
  Count: 118944
  Mean: -0.0000
  Std: 0.2461
  Min: -0.4778
  Max: 0.1845
Computing H-bond features for 14868 (angle_threshold=150.0°) - Phase: all
Using 42 parallel processes for H-bond computation
Starting multiprocessing pool for H-bond feature computation...
Structures with H-bonds: 0/14868
Total H-bond configs: 0
Feature matrix shape: (14868, 77)
Features: ['Delta E', 'RMSD', 'Rg', 'Rot A', 'Rot B', 'Rot C', 'Num H-bonds', 'Avg H-bond Angle', 'Avg D-A Distance', 'Intermolecular Distances...', 'Coulomb Matrix...', 'Asphericity', 'Acylindricity', 'Kappa^2', 'Dipole Magnitude', 'Mulliken Charges...']
Feature 0 variance: 0.000003
Feature 1 variance: 0.446074
Feature 2 variance: 0.280751
Feature 3 variance: 0.000000
Feature 4 variance: 0.000000
Feature 5 variance: 0.000000
Feature 6 variance: 0.000000
Feature 7 variance: 0.000000
Feature 8 variance: 0.000000
Feature 9 variance: 0.000000
Feature 10 variance: 0.000000
Feature 11 variance: 0.000000
Feature 12 variance: 1.181412
Feature 13 variance: 1.408038
Feature 14 variance: 1.420761
Feature 15 variance: 1.426942
Feature 16 variance: 0.000000
Feature 17 variance: 0.000000
Feature 18 variance: 1.420211
Feature 19 variance: 1.639464
Feature 20 variance: 1.643077
Feature 21 variance: 1.627083
Feature 22 variance: 0.000000
Feature 23 variance: 1.415016
Feature 24 variance: 1.612690
Feature 25 variance: 1.626136
Feature 26 variance: 1.648464
Feature 27 variance: 1.395114
Feature 28 variance: 1.582961
Feature 29 variance: 1.616840
Feature 30 variance: 1.613140
Feature 31 variance: 0.000000
Feature 32 variance: 0.000000
Feature 33 variance: 0.000000
Feature 34 variance: 0.000000
Feature 35 variance: 0.000000
Feature 36 variance: 0.000000
Feature 37 variance: 0.001276
Feature 38 variance: 0.001609
Feature 39 variance: 0.001963
Feature 40 variance: 0.002388
Feature 41 variance: 0.002864
Feature 42 variance: 0.003489
Feature 43 variance: 0.004585
Feature 44 variance: 0.006484
Feature 45 variance: 0.011477
Feature 46 variance: 0.000000
Feature 47 variance: 0.000000
Feature 48 variance: 0.000000
Feature 49 variance: 0.000000
Feature 50 variance: 0.000000
Feature 51 variance: 0.000003
Feature 52 variance: 0.078784
Feature 53 variance: 0.103336
Feature 54 variance: 0.132348
Feature 55 variance: 0.171910
Feature 56 variance: 0.231891
Feature 57 variance: 0.380781
Feature 58 variance: 0.004548
Feature 59 variance: 0.000000
Feature 60 variance: 0.000000
Feature 61 variance: 0.000000
Feature 62 variance: 0.000000
Feature 63 variance: 0.000000
Feature 64 variance: 8.232373
Feature 65 variance: 1.164568
Feature 66 variance: 6.720998
Feature 67 variance: 0.000120
Feature 68 variance: 0.039312
Feature 69 variance: 0.000026
Feature 70 variance: 0.000028
Feature 71 variance: 0.000026
Feature 72 variance: 0.000027
Feature 73 variance: 0.000027
Feature 74 variance: 0.000028
Feature 75 variance: 0.000028
Feature 76 variance: 0.000029
Removed 28 zero-variance features. New shape: (14868, 49)
Feature 0 stats: mean=0.0044, std=0.0016, min=0.0000, max=0.0094
Feature 1 stats: mean=3.0792, std=0.6679, min=0.0000, max=5.0366
Feature 2 stats: mean=2.1086, std=0.5299, min=1.3298, max=4.4633
Feature 3 stats: mean=4.1294, std=1.0869, min=2.4873, max=8.9405
Feature 4 stats: mean=4.2165, std=1.1866, min=1.6454, max=9.5603
Feature 5 stats: mean=4.2130, std=1.1920, min=1.6820, max=9.2209
Feature 6 stats: mean=4.1971, std=1.1945, min=1.6973, max=9.7353
Feature 7 stats: mean=4.1838, std=1.1917, min=1.6738, max=9.1957
Feature 8 stats: mean=4.2696, std=1.2804, min=1.5176, max=9.3957
Feature 9 stats: mean=4.2707, std=1.2818, min=1.4855, max=9.2078
Feature 10 stats: mean=4.2527, std=1.2756, min=1.4955, max=10.0529
Feature 11 stats: mean=4.2200, std=1.1895, min=1.6635, max=9.3474
Feature 12 stats: mean=4.3077, std=1.2699, min=1.4549, max=9.7402
Feature 13 stats: mean=4.3039, std=1.2752, min=1.5167, max=9.6372
Feature 14 stats: mean=4.2860, std=1.2839, min=1.4770, max=9.8720
Feature 15 stats: mean=4.2156, std=1.1811, min=1.6225, max=9.2946
Feature 16 stats: mean=4.3052, std=1.2582, min=1.5160, max=9.6388
Feature 17 stats: mean=4.2991, std=1.2716, min=1.4902, max=9.0887
Feature 18 stats: mean=4.2854, std=1.2701, min=1.4397, max=9.9422
Feature 19 stats: mean=0.1916, std=0.0357, min=0.0995, max=0.3382
Feature 20 stats: mean=0.2061, std=0.0401, min=0.1013, max=0.3481
Feature 21 stats: mean=0.2200, std=0.0443, min=0.1078, max=0.3648
Feature 22 stats: mean=0.2324, std=0.0489, min=0.1095, max=0.3824
Feature 23 stats: mean=0.2459, std=0.0535, min=0.1098, max=0.4125
Feature 24 stats: mean=0.2595, std=0.0591, min=0.1123, max=0.4512
Feature 25 stats: mean=0.2785, std=0.0677, min=0.1198, max=0.4949
Feature 26 stats: mean=0.3068, std=0.0805, min=0.1209, max=0.5550
Feature 27 stats: mean=0.3557, std=0.1071, min=0.1223, max=0.6207
Feature 28 stats: mean=0.6209, std=0.0019, min=0.6208, max=0.6946
Feature 29 stats: mean=1.4754, std=0.2807, min=0.7190, max=2.3900
Feature 30 stats: mean=1.5722, std=0.3215, min=0.7426, max=2.6956
Feature 31 stats: mean=1.6879, std=0.3638, min=0.7693, max=2.7866
Feature 32 stats: mean=1.8107, std=0.4146, min=0.7950, max=3.0312
Feature 33 stats: mean=1.9888, std=0.4816, min=0.8252, max=3.3711
Feature 34 stats: mean=2.2377, std=0.6171, min=0.8337, max=4.3144
Feature 35 stats: mean=6.8363, std=0.0674, min=5.4807, max=6.8431
Feature 36 stats: mean=12.6003, std=2.8692, min=6.8474, max=19.7004
Feature 37 stats: mean=4.1259, std=1.0792, min=2.5206, max=8.8862
Feature 38 stats: mean=4.5446, std=2.5925, min=1.5425, max=19.7538
Feature 39 stats: mean=0.0228, std=0.0109, min=0.0003, max=0.0504
Feature 40 stats: mean=0.5574, std=0.1983, min=0.0061, max=0.9055
Feature 41 stats: mean=-0.4261, std=0.0051, min=-0.4778, max=-0.4065
Feature 42 stats: mean=0.1421, std=0.0053, min=0.1151, max=0.1842
Feature 43 stats: mean=0.1419, std=0.0051, min=0.1150, max=0.1796
Feature 44 stats: mean=0.1421, std=0.0052, min=0.1187, max=0.1835
Feature 45 stats: mean=-0.4263, std=0.0052, min=-0.4757, max=-0.4052
Feature 46 stats: mean=0.1421, std=0.0053, min=0.1195, max=0.1843
Feature 47 stats: mean=0.1421, std=0.0053, min=0.1193, max=0.1821
Feature 48 stats: mean=0.1421, std=0.0054, min=0.1171, max=0.1845
Feature matrix computed and cached.
Size of raw feature matrix: 5.83 MB
Size of normalized feature matrix: 5.83 MB
Current memory usage: 26.09 MB; Peak memory usage: 27.49 MB
Time taken to compute feature matrix: 127.25 seconds
Current memory usage: 0.01 MB; Peak memory usage: 0.01 MB
Time taken to compute feature matrix: 0.00 seconds
Top 49 features for PC1:
 Asphericity          : 0.1798
 Rg                   : 0.1796
 Coulomb_16           : -0.1787
 Coulomb_15           : -0.1784
 Coulomb_17           : -0.1781
 Coulomb_4            : -0.1781
 Coulomb_3            : -0.1777
 Coulomb_2            : -0.1777
 Coulomb_5            : -0.1776
 Dist_3               : 0.1776
 Coulomb_18           : -0.1776
 Coulomb_19           : -0.1774
 Coulomb_6            : -0.1764
 Coulomb_1            : -0.1762
 Acylindricity        : 0.1747
 Coulomb_27           : -0.1745
 Coulomb_0            : -0.1736
 Coulomb_7            : -0.1734
 Coulomb_20           : -0.1731
 Coulomb_8            : -0.1656
 Dist_14              : 0.1623
 Dist_5               : 0.1619
 Dist_4               : 0.1614
 Dist_18              : 0.1612
 Dist_9               : 0.1611
 Dist_6               : 0.1607
 Dist_16              : 0.1513
 Dist_15              : 0.1504
 Dist_19              : 0.1498
 Dist_12              : 0.1497
 Dist_11              : 0.1496
 Dist_20              : 0.1495
 Dist_17              : 0.1491
 Dist_10              : 0.1488
 Dist_21              : 0.1485
 Mulliken_4           : 0.0770
 Mulliken_0           : 0.0766
 Coulomb_21           : -0.0555
 RMSD                 : 0.0303
 Mulliken_3           : -0.0275
 Mulliken_7           : -0.0268
 Mulliken_2           : -0.0261
 Delta E              : -0.0249
 Mulliken_6           : -0.0236
 Mulliken_1           : -0.0235
 Mulliken_5           : -0.0229
 Coulomb_14           : -0.0123
 Dipole Magnitude     : -0.0053
 Kappa^2              : 0.0024
--- Benchmarking Clustering Algorithms Complexity ---
Current memory usage: 0.01 MB; Peak memory usage: 0.01 MB
Time taken to compute feature matrix: 0.00 seconds
Operation Benchmark start (phase = all, n=14868, m=49, k_values=(2, 5, 10, 20, 50, 100))
--- k=2 ---
dbscan_avg      : Total Ops = 1.01e+07, Ops/Sample = 6.79e+02
hdbscan_avg     : Total Ops = 1.01e+07, Ops/Sample = 6.79e+02
kmeans          : Total Ops = 4.37e+08, Ops/Sample = 2.94e+04
agglomerative   : Total Ops = 1.08e+10, Ops/Sample = 7.29e+05
Lowest Ops/Sample for k=2: dbscan_avg with 6.79e+02 ops/sample
--- End of Clustering Operation Benchmark ---

--- k=5 ---
dbscan_avg      : Total Ops = 1.01e+07, Ops/Sample = 6.79e+02
hdbscan_avg     : Total Ops = 1.01e+07, Ops/Sample = 6.79e+02
kmeans          : Total Ops = 1.09e+09, Ops/Sample = 7.35e+04
agglomerative   : Total Ops = 1.08e+10, Ops/Sample = 7.29e+05
Lowest Ops/Sample for k=5: dbscan_avg with 6.79e+02 ops/sample
--- End of Clustering Operation Benchmark ---

--- k=10 ---
dbscan_avg      : Total Ops = 1.01e+07, Ops/Sample = 6.79e+02
hdbscan_avg     : Total Ops = 1.01e+07, Ops/Sample = 6.79e+02
kmeans          : Total Ops = 2.19e+09, Ops/Sample = 1.47e+05
agglomerative   : Total Ops = 1.08e+10, Ops/Sample = 7.29e+05
Lowest Ops/Sample for k=10: dbscan_avg with 6.79e+02 ops/sample
--- End of Clustering Operation Benchmark ---

--- k=20 ---
dbscan_avg      : Total Ops = 1.01e+07, Ops/Sample = 6.79e+02
hdbscan_avg     : Total Ops = 1.01e+07, Ops/Sample = 6.79e+02
kmeans          : Total Ops = 4.37e+09, Ops/Sample = 2.94e+05
agglomerative   : Total Ops = 1.08e+10, Ops/Sample = 7.29e+05
Lowest Ops/Sample for k=20: dbscan_avg with 6.79e+02 ops/sample
--- End of Clustering Operation Benchmark ---

--- k=50 ---
dbscan_avg      : Total Ops = 1.01e+07, Ops/Sample = 6.79e+02
hdbscan_avg     : Total Ops = 1.01e+07, Ops/Sample = 6.79e+02
agglomerative   : Total Ops = 1.08e+10, Ops/Sample = 7.29e+05
kmeans          : Total Ops = 1.09e+10, Ops/Sample = 7.35e+05
Lowest Ops/Sample for k=50: dbscan_avg with 6.79e+02 ops/sample
--- End of Clustering Operation Benchmark ---

--- k=100 ---
dbscan_avg      : Total Ops = 1.01e+07, Ops/Sample = 6.79e+02
hdbscan_avg     : Total Ops = 1.01e+07, Ops/Sample = 6.79e+02
agglomerative   : Total Ops = 1.08e+10, Ops/Sample = 7.29e+05
kmeans          : Total Ops = 2.19e+10, Ops/Sample = 1.47e+06
Lowest Ops/Sample for k=100: dbscan_avg with 6.79e+02 ops/sample
--- End of Clustering Operation Benchmark ---

---- Noise Assessment Start ----
Current memory usage: 0.01 MB; Peak memory usage: 0.01 MB
Time taken to compute feature matrix: 0.00 seconds
Using internal raw feature matrix for noise assessment.
Noise Assessment Results:
Mean Distance Shift: 11.6408
Std Ratio (Noise/Clean): 1.9533
95th Percentile Shift: 18.9969
Distribution Overlap: 0.0563
---- Noise Assessment End ----
Performing KMeans Clustering (n_clusters=5, n_init=10, max_iter=300) for phase: all - n_structures: 14868
Current memory usage: 0.01 MB; Peak memory usage: 0.01 MB
Time taken to compute feature matrix: 0.00 seconds
Current memory usage: 0.01 MB; Peak memory usage: 0.01 MB
Time taken to compute feature matrix: 0.00 seconds
Performing KMeans Clustering (n_clusters=5, n_init=10, max_iter=300) for phase: all - n_structures: 14868
Current memory usage: 0.01 MB; Peak memory usage: 0.01 MB
Time taken to compute feature matrix: 0.00 seconds
Performing KMeans Clustering (n_clusters=5, n_init=10, max_iter=300) for phase: all - n_structures: 14868
Current memory usage: 0.01 MB; Peak memory usage: 0.01 MB
Time taken to compute feature matrix: 0.00 seconds
Current memory usage: 0.01 MB; Peak memory usage: 0.01 MB
Time taken to compute feature matrix: 0.00 seconds
Current memory usage: 0.01 MB; Peak memory usage: 0.01 MB
Time taken to compute feature matrix: 0.00 seconds
Performing KMeans Clustering (n_clusters=5, n_init=10, max_iter=300) for phase: all - n_structures: 14868
Current memory usage: 0.01 MB; Peak memory usage: 0.01 MB
Time taken to compute feature matrix: 0.00 seconds
Performing KMeans Clustering (n_clusters=5, n_init=10, max_iter=300) for phase: all - n_structures: 14868
Current memory usage: 0.01 MB; Peak memory usage: 0.01 MB
Time taken to compute feature matrix: 0.00 seconds
Current memory usage: 0.01 MB; Peak memory usage: 0.01 MB
Time taken to compute feature matrix: 0.00 seconds
Current memory usage: 0.01 MB; Peak memory usage: 0.01 MB
Time taken to compute feature matrix: 0.00 seconds
Cluster 0: representative index 2829, E=-8.852298 Ha
Cluster 1: representative index 8172, E=-8.854841 Ha
Cluster 2: representative index 11963, E=-8.851316 Ha
Cluster 3: representative index 7904, E=-8.853895 Ha
Cluster 4: representative index 4, E=-8.855205 Ha
Total clusters (excluding noise): 5. Representatives obtained: 5
Current memory usage: 0.01 MB; Peak memory usage: 0.01 MB
Time taken to compute feature matrix: 0.00 seconds
Current memory usage: 0.01 MB; Peak memory usage: 0.01 MB
Time taken to compute feature matrix: 0.00 seconds
Writing representative features to cluster_features.log
Most varied feature among representatives: Coulomb_27 (variance: 8.8059)
========================================================================
           Crossover Interpolation of Phase A Representatives           
========================================================================
Interpolating between Representative 0 and 1...
Interpolating between Representative 0 and 2...
Interpolating between Representative 0 and 3...
Interpolating between Representative 0 and 4...
Interpolating between Representative 1 and 2...
Interpolating between Representative 1 and 3...
Interpolating between Representative 1 and 4...
Interpolating between Representative 2 and 3...
Interpolating between Representative 2 and 4...
Interpolating between Representative 3 and 4...
Generated 20 crossover structures from 5 representatives
Wrote 20 structures to trajectories/phase_a_crossover_structures.xyz
========================================================================
                           Local Optimization                           
========================================================================
Optimized 5/5 structures successfully
Wrote 17095 structures to trajectories/phase_a_candidates.xyz
Wrote 5 structures to trajectories/representatives.xyz
Wrote 5 structures to trajectories/optimized_representatives.xyz
========================================================================
Total runtime: 430.6s (7.2 min)
========================================================================
