================================================================================
                                  CLUSTER GEN                                   
================================================================================
Start Time: 2026-04-15 15:58:52
Python Version: 3.9.23
Working Directory: /media/storage_6/lme/master_thesis/cluster_generation
Log File: /media/storage_6/lme/master_thesis/cluster_generation/cluster_gen.out
Made by: Lukas Meinschad
========================================================================
                         Cluster Initialization                         
========================================================================
Configuration:
  QM Method (Optimization): mp2
  Basis Set (Optimization): cc-pvdz
  Simulation Box Type: sphere
  Simulation Box Scale Factor: 1.3
  Minimum Distance Between Submolecules: 0.8 Angstrom
  Candidate configurations generated: 10000
  Workers (n_keep) for energy ranking: 10
  Energy Evaluation Backend: xtb
  xTB Method (if applicable): GFN2-xTB


[1/5] Loading molecule from test_molecules/hf_2.xyz
 Loaded: 4 atoms

[2/5] Fragmenting molecule into submolecules
 Found 2 submolecules:
  Submolecule 1: 2 atoms
  Submolecule 2: 2 atoms

[3/5] Optimizing Submolecules (parallelized)
Workers: 2
  Submolecule 2 optimized successfully
  Submolecule 1 optimized successfully

[4/5] Creating simulation box
 Box type:  sphere
 Radius: 2.00 Angstrom
 Volume: 33.76 Angstrom^3

Energy evaluation complete: 10000 successful, 0 failed
Pre-screening completed: 10000 valid configurations out of 10000 generated.
Statistics of generated configurations:
  Energy range: -10.453999 to -10.453727 Hartree
  Energy of lowest-energy candidate: -10.453999 Hartree
  Energy of highest-energy selected candidate: -10.453727 Hartree
  Energy distribution: mean -10.428309, median -10.444433, std 0.098413 Hartree
============================================================
Initialization Complete!
Total atoms: 4
Submolecules: 2
Simulation box type: sphere
Candidates generated: 10000, Valid: 10000, Failed: 0
Sekected for workers: 10, Energy range: -10.453999 to -10.453727 Hartree
Box radius: 2.00 Angstrom
Box volume: 33.76 Angstrom^3
Wrote 10 structures to trajectories/initial_candidates.xyz
========================================================================
                    Phase A: Global PES Exploration                     
========================================================================
Configuration:
  Workers: 10
  Steps per worker: 3000
  Total steps: 30000
  Method/Basis: hf/cc-pvdz
  Temperature: 5000 K
  Adaptive operators: True
  Operators: twist, large_displacement, mirror, roto_reflection, exchange, random_so3, principal_axis_rotation, com_com_approach, com_com_separation
  Independent initial configs: 10
  Simulation Box: <box.SimulationBox object at 0x7f058d666c70>
  Worker log: bhmc_workers.log
Estimated single point time: 0.01 seconds (Energy: -10.453999 Hartree)
Estimated Phase A time: 3.36 minutes
Starting parallel BHMC chains...
  Worker 0: 1897 structures accepted, 3001 trajectory points, 416 box updates  Operator acceptance rates: twist: 46.2%, large_displacement: 73.6%, mirror: 46.9%, roto_reflection: 25.4%, exchange: 80.0%, random_so3: 88.2%, principal_axis_rotation: 57.5%, com_com_approach: 99.4%, com_com_separation: 99.1%
  Worker 1: 1998 structures accepted, 3001 trajectory points, 432 box updates  Operator acceptance rates: twist: 53.7%, large_displacement: 75.9%, mirror: 51.3%, roto_reflection: 32.4%, exchange: 80.7%, random_so3: 86.1%, principal_axis_rotation: 60.1%, com_com_approach: 95.9%, com_com_separation: 97.4%
  Worker 2: 1798 structures accepted, 3001 trajectory points, 394 box updates  Operator acceptance rates: twist: 45.6%, large_displacement: 69.5%, mirror: 49.5%, roto_reflection: 25.6%, exchange: 75.7%, random_so3: 80.0%, principal_axis_rotation: 48.3%, com_com_approach: 91.6%, com_com_separation: 95.3%
  Worker 3: 1977 structures accepted, 3001 trajectory points, 438 box updates  Operator acceptance rates: twist: 55.0%, large_displacement: 73.6%, mirror: 57.8%, roto_reflection: 35.1%, exchange: 74.9%, random_so3: 79.3%, principal_axis_rotation: 57.7%, com_com_approach: 94.0%, com_com_separation: 97.0%
  Worker 4: 1868 structures accepted, 3001 trajectory points, 412 box updates  Operator acceptance rates: twist: 48.4%, large_displacement: 72.0%, mirror: 51.7%, roto_reflection: 23.4%, exchange: 76.2%, random_so3: 78.6%, principal_axis_rotation: 53.1%, com_com_approach: 96.4%, com_com_separation: 97.7%
  Worker 5: 1890 structures accepted, 3001 trajectory points, 413 box updates  Operator acceptance rates: twist: 53.1%, large_displacement: 70.1%, mirror: 51.1%, roto_reflection: 32.6%, exchange: 74.3%, random_so3: 83.2%, principal_axis_rotation: 51.5%, com_com_approach: 92.0%, com_com_separation: 99.2%
  Worker 6: 1825 structures accepted, 3001 trajectory points, 404 box updates  Operator acceptance rates: twist: 45.1%, large_displacement: 71.1%, mirror: 52.3%, roto_reflection: 26.6%, exchange: 71.2%, random_so3: 76.8%, principal_axis_rotation: 53.5%, com_com_approach: 97.0%, com_com_separation: 99.1%
  Worker 7: 1951 structures accepted, 3001 trajectory points, 419 box updates  Operator acceptance rates: twist: 56.2%, large_displacement: 67.8%, mirror: 56.0%, roto_reflection: 36.4%, exchange: 77.7%, random_so3: 82.7%, principal_axis_rotation: 54.0%, com_com_approach: 90.7%, com_com_separation: 98.5%
  Worker 8: 1881 structures accepted, 3001 trajectory points, 432 box updates  Operator acceptance rates: twist: 52.7%, large_displacement: 68.6%, mirror: 52.3%, roto_reflection: 25.7%, exchange: 76.5%, random_so3: 78.7%, principal_axis_rotation: 55.0%, com_com_approach: 94.9%, com_com_separation: 95.3%
  Worker 9: 1932 structures accepted, 3001 trajectory points, 421 box updates  Operator acceptance rates: twist: 55.5%, large_displacement: 69.6%, mirror: 57.0%, roto_reflection: 31.2%, exchange: 83.0%, random_so3: 83.3%, principal_axis_rotation: 50.6%, com_com_approach: 92.6%, com_com_separation: 99.1%
Size of accepted structures (Phase A): 0.15 MB
------------------------------------------------------------------------
Phase A Results
------------------------------------------------------------------------
Total steps: 30000
Total accepted: 19017
Overall acceptance rate: 63.39%
Energy Statistics (Hartree):
  Min:  -10.454225
  Max:  -10.360298
  Mean: -10.444552
  Std:  0.006077
Dipole Statistics (Debye):
  Min:  0.0092
  Max:  1.2182
  Mean: 0.7066
  Std:  0.2517
Profiling Results for Phase A:
Current memory usage: 56.32 MB; Peak memory usage: 59.77 MB
Wrote 19017 structures to trajectories/phase_a_candidates.xyz
========================================================================
                            Phase A Analysis                            
========================================================================
Total structures: 19017
Target clusters: 5
Added batch of 19017 structures to phase: unknown. Total structures in this phase: 19017
Size of new structures added: 0.91 MB
Energy Statistics (phase: all):
  N Structures: 19017
  Min: -10.454225
  Max: -10.360298
  Mean: -10.444552
  Median: -10.445608
  Std: 0.006077
  Q25: -10.447484
  Q75: -10.443548
  IQR: 0.003935
Dipole Magnitude Statistics (Debye):
  Min:  0.0092
  Max:  1.2182
  Mean: 0.7066
  Std:  0.2517
High energy outlier filtering (method=iqr, threshold=-10.437645) - Phase: all - 17530 structures remaining (removed 1487)
Computing and caching feature matrix...
Computing Mulliken charge features for 17530 - Phase: all
Mulliken Charge Statistics (non-zero values):
  Count: 70120
  Mean: -0.0000
  Std: 0.3934
  Min: -0.5053
  Max: 0.4383
Computing H-bond features for 17530 (angle_threshold=150.0°) - Phase: all
Using 42 parallel processes for H-bond computation
Starting multiprocessing pool for H-bond feature computation...
Structures with H-bonds: 0/17530
Total H-bond configs: 0
Feature matrix shape: (17530, 29)
Features: ['Delta E', 'RMSD', 'Rg', 'Rot A', 'Rot B', 'Rot C', 'Num H-bonds', 'Avg H-bond Angle', 'Avg D-A Distance', 'Intermolecular Distances...', 'Coulomb Matrix...', 'Asphericity', 'Acylindricity', 'Kappa^2', 'Dipole Magnitude', 'Mulliken Charges...']
Feature 0 variance: 0.000009
Feature 1 variance: 1.191123
Feature 2 variance: 0.244886
Feature 3 variance: 0.000000
Feature 4 variance: 0.000000
Feature 5 variance: 0.000000
Feature 6 variance: 0.000000
Feature 7 variance: 0.000000
Feature 8 variance: 0.000000
Feature 9 variance: 0.000000
Feature 10 variance: 0.996892
Feature 11 variance: 1.143911
Feature 12 variance: 1.181101
Feature 13 variance: 1.203059
Feature 14 variance: 0.000000
Feature 15 variance: 0.009389
Feature 16 variance: 0.405327
Feature 17 variance: 0.951549
Feature 18 variance: 0.000000
Feature 19 variance: 0.000000
Feature 20 variance: 39.888384
Feature 21 variance: 0.991403
Feature 22 variance: 4.042678
Feature 23 variance: 0.000084
Feature 24 variance: 0.063502
Feature 25 variance: 0.000116
Feature 26 variance: 0.000045
Feature 27 variance: 0.000105
Feature 28 variance: 0.000045
Removed 10 zero-variance features. New shape: (17530, 19)
Feature 0 stats: mean=0.0083, std=0.0030, min=0.0000, max=0.0166
Feature 1 stats: mean=3.7768, std=1.0914, min=0.0000, max=6.5351
Feature 2 stats: mean=1.7608, std=0.4949, min=1.0365, max=3.8621
Feature 3 stats: mean=3.5034, std=0.9984, min=2.0678, max=7.7091
Feature 4 stats: mean=3.5200, std=1.0695, min=1.3421, max=8.0164
Feature 5 stats: mean=3.5236, std=1.0868, min=1.3483, max=8.1573
Feature 6 stats: mean=3.5588, std=1.0968, min=1.3406, max=8.2101
Feature 7 stats: mean=0.3087, std=0.0969, min=0.1218, max=0.7459
Feature 8 stats: mean=2.5005, std=0.6367, min=1.1033, max=5.5735
Feature 9 stats: mean=3.1073, std=0.9755, min=1.2099, max=6.7058
Feature 10 stats: mean=24.8405, std=6.3157, min=10.5070, max=39.1724
Feature 11 stats: mean=3.4969, std=0.9957, min=2.0335, max=7.7137
Feature 12 stats: mean=3.3049, std=2.0106, min=1.0291, max=14.8646
Feature 13 stats: mean=0.0189, std=0.0092, min=0.0001, max=0.0405
Feature 14 stats: mean=0.7024, std=0.2520, min=0.0092, max=1.2182
Feature 15 stats: mean=-0.3935, std=0.0108, min=-0.5017, max=-0.3501
Feature 16 stats: mean=0.3934, std=0.0067, min=0.3798, max=0.4383
Feature 17 stats: mean=-0.3931, std=0.0103, min=-0.5053, max=-0.3465
Feature 18 stats: mean=0.3932, std=0.0067, min=0.3795, max=0.4377
Feature matrix computed and cached.
Size of raw feature matrix: 2.66 MB
Size of normalized feature matrix: 2.66 MB
Current memory usage: 13.16 MB; Peak memory usage: 14.01 MB
Time taken to compute feature matrix: 145.20 seconds
Current memory usage: 0.01 MB; Peak memory usage: 0.01 MB
Time taken to compute feature matrix: 0.00 seconds
Top 19 features for PC1:
 Coulomb_2            : 0.2946
 Asphericity          : -0.2942
 Rg                   : -0.2942
 Dist_1               : -0.2911
 Coulomb_1            : 0.2880
 Coulomb_5            : 0.2874
 Dist_3               : -0.2854
 Acylindricity        : -0.2853
 Dist_4               : -0.2849
 Dist_2               : -0.2842
 Coulomb_0            : 0.2693
 Mulliken_1           : 0.1793
 Mulliken_3           : 0.1789
 Mulliken_0           : -0.1187
 Mulliken_2           : -0.1096
 RMSD                 : -0.0383
 Delta E              : -0.0208
 Dipole Magnitude     : -0.0190
 Kappa^2              : -0.0026
--- Benchmarking Clustering Algorithms Complexity ---
Current memory usage: 0.01 MB; Peak memory usage: 0.01 MB
Time taken to compute feature matrix: 0.00 seconds
Operation Benchmark start (phase = all, n=17530, m=19, k_values=(2, 5, 10, 20, 50, 100))
--- k=2 ---
dbscan_avg      : Total Ops = 4.70e+06, Ops/Sample = 2.68e+02
hdbscan_avg     : Total Ops = 4.70e+06, Ops/Sample = 2.68e+02
kmeans          : Total Ops = 2.00e+08, Ops/Sample = 1.14e+04
agglomerative   : Total Ops = 5.84e+09, Ops/Sample = 3.33e+05
Lowest Ops/Sample for k=2: dbscan_avg with 2.68e+02 ops/sample
--- End of Clustering Operation Benchmark ---

--- k=5 ---
dbscan_avg      : Total Ops = 4.70e+06, Ops/Sample = 2.68e+02
hdbscan_avg     : Total Ops = 4.70e+06, Ops/Sample = 2.68e+02
kmeans          : Total Ops = 5.00e+08, Ops/Sample = 2.85e+04
agglomerative   : Total Ops = 5.84e+09, Ops/Sample = 3.33e+05
Lowest Ops/Sample for k=5: dbscan_avg with 2.68e+02 ops/sample
--- End of Clustering Operation Benchmark ---

--- k=10 ---
dbscan_avg      : Total Ops = 4.70e+06, Ops/Sample = 2.68e+02
hdbscan_avg     : Total Ops = 4.70e+06, Ops/Sample = 2.68e+02
kmeans          : Total Ops = 9.99e+08, Ops/Sample = 5.70e+04
agglomerative   : Total Ops = 5.84e+09, Ops/Sample = 3.33e+05
Lowest Ops/Sample for k=10: dbscan_avg with 2.68e+02 ops/sample
--- End of Clustering Operation Benchmark ---

--- k=20 ---
dbscan_avg      : Total Ops = 4.70e+06, Ops/Sample = 2.68e+02
hdbscan_avg     : Total Ops = 4.70e+06, Ops/Sample = 2.68e+02
kmeans          : Total Ops = 2.00e+09, Ops/Sample = 1.14e+05
agglomerative   : Total Ops = 5.84e+09, Ops/Sample = 3.33e+05
Lowest Ops/Sample for k=20: dbscan_avg with 2.68e+02 ops/sample
--- End of Clustering Operation Benchmark ---

--- k=50 ---
dbscan_avg      : Total Ops = 4.70e+06, Ops/Sample = 2.68e+02
hdbscan_avg     : Total Ops = 4.70e+06, Ops/Sample = 2.68e+02
kmeans          : Total Ops = 5.00e+09, Ops/Sample = 2.85e+05
agglomerative   : Total Ops = 5.84e+09, Ops/Sample = 3.33e+05
Lowest Ops/Sample for k=50: dbscan_avg with 2.68e+02 ops/sample
--- End of Clustering Operation Benchmark ---

--- k=100 ---
dbscan_avg      : Total Ops = 4.70e+06, Ops/Sample = 2.68e+02
hdbscan_avg     : Total Ops = 4.70e+06, Ops/Sample = 2.68e+02
agglomerative   : Total Ops = 5.84e+09, Ops/Sample = 3.33e+05
kmeans          : Total Ops = 9.99e+09, Ops/Sample = 5.70e+05
Lowest Ops/Sample for k=100: dbscan_avg with 2.68e+02 ops/sample
--- End of Clustering Operation Benchmark ---

---- Noise Assessment Start ----
Current memory usage: 0.01 MB; Peak memory usage: 0.01 MB
Time taken to compute feature matrix: 0.00 seconds
Using internal raw feature matrix for noise assessment.
Noise Assessment Results:
Mean Distance Shift: 3.8112
Std Ratio (Noise/Clean): 1.4887
95th Percentile Shift: 4.7517
Distribution Overlap: 0.3928
---- Noise Assessment End ----
Performing KMeans Clustering (n_clusters=5, n_init=10, max_iter=300) for phase: all - n_structures: 17530
Current memory usage: 0.01 MB; Peak memory usage: 0.01 MB
Time taken to compute feature matrix: 0.00 seconds
Current memory usage: 0.01 MB; Peak memory usage: 0.01 MB
Time taken to compute feature matrix: 0.00 seconds
Performing KMeans Clustering (n_clusters=5, n_init=10, max_iter=300) for phase: all - n_structures: 17530
Current memory usage: 0.01 MB; Peak memory usage: 0.01 MB
Time taken to compute feature matrix: 0.00 seconds
Performing KMeans Clustering (n_clusters=5, n_init=10, max_iter=300) for phase: all - n_structures: 17530
Current memory usage: 0.01 MB; Peak memory usage: 0.01 MB
Time taken to compute feature matrix: 0.00 seconds
Current memory usage: 0.01 MB; Peak memory usage: 0.01 MB
Time taken to compute feature matrix: 0.00 seconds
Current memory usage: 0.01 MB; Peak memory usage: 0.01 MB
Time taken to compute feature matrix: 0.00 seconds
Performing KMeans Clustering (n_clusters=5, n_init=10, max_iter=300) for phase: all - n_structures: 17530
Current memory usage: 0.01 MB; Peak memory usage: 0.01 MB
Time taken to compute feature matrix: 0.00 seconds
Performing KMeans Clustering (n_clusters=5, n_init=10, max_iter=300) for phase: all - n_structures: 17530
Current memory usage: 0.01 MB; Peak memory usage: 0.01 MB
Time taken to compute feature matrix: 0.00 seconds
Current memory usage: 0.01 MB; Peak memory usage: 0.01 MB
Time taken to compute feature matrix: 0.00 seconds
Current memory usage: 0.01 MB; Peak memory usage: 0.01 MB
Time taken to compute feature matrix: 0.00 seconds
Cluster 0: representative index 10786, E=-10.454209 Ha
Cluster 1: representative index 2516, E=-10.448286 Ha
Cluster 2: representative index 802, E=-10.451686 Ha
Cluster 3: representative index 13713, E=-10.454225 Ha
Cluster 4: representative index 12721, E=-10.448441 Ha
Total clusters (excluding noise): 5. Representatives obtained: 5
Current memory usage: 0.01 MB; Peak memory usage: 0.01 MB
Time taken to compute feature matrix: 0.00 seconds
Current memory usage: 0.01 MB; Peak memory usage: 0.01 MB
Time taken to compute feature matrix: 0.00 seconds
Writing representative features to cluster_features.log
Most varied feature among representatives: Coulomb_5 (variance: 19.7692)
========================================================================
           Crossover Interpolation of Phase A Representatives           
========================================================================
Interpolating between Representative 0 and 1...
Interpolating between Representative 0 and 2...
Interpolating between Representative 0 and 3...
Interpolating between Representative 0 and 4...
Interpolating between Representative 1 and 2...
Interpolating between Representative 1 and 3...
Interpolating between Representative 1 and 4...
Interpolating between Representative 2 and 3...
Interpolating between Representative 2 and 4...
Interpolating between Representative 3 and 4...
Generated 20 crossover structures from 5 representatives
Wrote 20 structures to trajectories/phase_a_crossover_structures.xyz
========================================================================
                           Local Optimization                           
========================================================================
Optimized 4/5 structures successfully
Wrote 19017 structures to trajectories/phase_a_candidates.xyz
Wrote 5 structures to trajectories/representatives.xyz
Wrote 4 structures to trajectories/optimized_representatives.xyz
========================================================================
Total runtime: 444.7s (7.4 min)
========================================================================
