2026-02-03:22:03:20,991 INFO     [psi4.driver.task_planner:285] PLANNING Atomic:  keywords={'function_kwargs': {}}
2026-02-03:22:03:20,994 INFO     [psi4.driver.driver:636] Compute gradient(): method=hf, basis=cc-pvdz, molecule=default, nre=36.55723494966064
2026-02-03:22:03:21,529 INFO     [psi4.driver.driver:639] Return gradient(): -152.06305737362078
2026-02-03:22:03:21,529 INFO     [psi4.driver.driver:640] [[ 0.00285194  0.00183048  0.00749396]
 [-0.00423907 -0.00122648 -0.00188327]
 [ 0.00151242 -0.00064311 -0.00539554]
 [ 0.00616036  0.00095007 -0.00679484]
 [-0.00215939 -0.0039987   0.00386845]
 [-0.00412626  0.00308774  0.00271123]]
2026-02-03:22:03:21,554 INFO     [psi4.driver.task_planner:285] PLANNING Atomic:  keywords={'SCF__INTS_TOLERANCE': 1e-12, 'function_kwargs': {}}
2026-02-03:22:03:21,578 INFO     [psi4.driver.task_planner:285] PLANNING Atomic:  keywords={'SCF__D_CONVERGENCE': 1e-08, 'SCF__E_CONVERGENCE': 1e-08, 'SCF__INTS_TOLERANCE': 1e-12, 'function_kwargs': {}}
2026-02-03:22:03:21,581 INFO     [psi4.driver.driver:636] Compute gradient(): method=hf, basis=cc-pvdz, molecule=default, nre=36.55723494966064
2026-02-03:22:03:22,151 INFO     [psi4.driver.driver:639] Return gradient(): -152.06305737362084
2026-02-03:22:03:22,152 INFO     [psi4.driver.driver:640] [[ 0.00285194  0.00183048  0.00749396]
 [-0.00423907 -0.00122648 -0.00188327]
 [ 0.00151242 -0.00064311 -0.00539554]
 [ 0.00616036  0.00095007 -0.00679484]
 [-0.00215939 -0.0039987   0.00386845]
 [-0.00412626  0.00308774  0.00271123]]
2026-02-03:22:03:22,153 INFO     [psi4.driver.driver:1470] Compute hessian(): method=hf, basis=cc-pvdz, molecule=default, nre=36.55723494966064
2026-02-03:22:03:26,212 INFO     [psi4.driver.driver:1474] Return hessian(): -152.06305737361276
2026-02-03:22:03:26,214 INFO     [psi4.driver.driver:1475] [[ 0.74796831  0.08927421 -0.11691966 -0.5561145  -0.10504249 -0.15902456 -0.1857331   0.01764726  0.27704295
  -0.006621   -0.00220008 -0.00116365 -0.00010794  0.00118578 -0.00008207  0.00060824 -0.00086467  0.00014698]
 [ 0.08927421  0.02199999  0.07683645 -0.09472032 -0.02257371 -0.03661619  0.00727626 -0.00208841 -0.03992978
  -0.00231162  0.0041589  -0.00024186  0.00170523 -0.00019388 -0.00001858 -0.00122376 -0.00130289 -0.00003004]
 [-0.11691966  0.07683645  0.57602164 -0.09554725 -0.02770707 -0.08861439  0.21254245 -0.049147   -0.4901789
   0.00157182  0.00048397  0.00394176 -0.00106398 -0.00019678 -0.00065911 -0.00058339 -0.00026959 -0.000511  ]
 [-0.5561145  -0.09472032 -0.09554725  0.58229631  0.09937634  0.10677652 -0.02306508 -0.00518911 -0.01211826
  -0.00171989  0.00136955  0.00134669  0.00037295 -0.00226092  0.00009844 -0.00176979  0.00142446 -0.00055615]
 [-0.10504249 -0.02257371 -0.02770707  0.09937634  0.02736176  0.02749214  0.00530927  0.00055707 -0.00026024
   0.00097729 -0.00690435  0.00050906 -0.00329398 -0.00051709 -0.00019549  0.00267358  0.00207632  0.00016159]
 [-0.15902456 -0.03661619 -0.08861439  0.10677652  0.02749214  0.08370665  0.05263487  0.00893962  0.00864073
  -0.00366662 -0.00073997 -0.00517496  0.00214691  0.00050322  0.00085876  0.00113288  0.00042118  0.00058321]
 [-0.1857331   0.00727626  0.21254245 -0.02306508  0.00530927  0.05263487  0.2094539  -0.01229333 -0.26433727
  -0.00074351 -0.00032282 -0.00101189  0.00005384 -0.00004203  0.00009832  0.00003394  0.00007265  0.00007351]
 [ 0.01764726 -0.00208841 -0.049147   -0.00518911  0.00055707  0.00893962 -0.01229333  0.0018574   0.04035849
  -0.00010138 -0.00071624 -0.00018073 -0.00015431  0.0002022   0.00014767  0.00009087  0.00018797 -0.00011805]
 [ 0.27704295 -0.03992978 -0.4901789  -0.01211826 -0.00026024  0.00864073 -0.26433727  0.04035849  0.48197463
  -0.00080213 -0.00017595 -0.00050909  0.00013068  0.00004354  0.0000151   0.00008402 -0.00003607  0.00005753]
 [-0.006621   -0.00231162  0.00157182 -0.00171989  0.00097729 -0.00366662 -0.00074351 -0.00010138 -0.00080213
   0.33881053 -0.17709357 -0.23554322 -0.05825049 -0.06661008  0.08422205 -0.27147565  0.24513936  0.1542181 ]
 [-0.00220008  0.0041589   0.00048397  0.00136955 -0.00690435 -0.00073997 -0.00032282 -0.00071624 -0.00017595
  -0.17709357  0.75295598 -0.15143109 -0.1121977  -0.42387265  0.28881129  0.29044462 -0.32562164 -0.13694825]
 [-0.00116365 -0.00024186  0.00394176  0.00134669  0.00050906 -0.00517496 -0.00101189 -0.00018073 -0.00050909
  -0.23554322 -0.15143109  0.28291123  0.10284844  0.24436377 -0.19814875  0.13352362 -0.09301914 -0.08302019]
 [-0.00010794  0.00170523 -0.00106398  0.00037295 -0.00329398  0.00214691  0.00005384 -0.00015431  0.00013068
  -0.05825049 -0.1121977   0.10284844  0.05161216  0.08134811 -0.08341562  0.00631948  0.03259265 -0.02064643]
 [ 0.00118578 -0.00019388 -0.00019678 -0.00226092 -0.00051709  0.00050322 -0.00004203  0.0002022   0.00004354
  -0.06661008 -0.42387265  0.24436377  0.08134811  0.45367145 -0.26981821 -0.01362087 -0.02929003  0.02510446]
 [-0.00008207 -0.00001858 -0.00065911  0.00009844 -0.00019549  0.00085876  0.00009832  0.00014767  0.0000151
   0.08422205  0.28881129 -0.19814875 -0.08341562 -0.26981821  0.18998666 -0.00092112 -0.01892668  0.00794734]
 [ 0.00060824 -0.00122376 -0.00058339 -0.00176979  0.00267358  0.00113288  0.00003394  0.00009087  0.00008402
  -0.27147565  0.29044462  0.13352362  0.00631948 -0.01362087 -0.00092112  0.26628378 -0.27836444 -0.13323601]
 [-0.00086467 -0.00130289 -0.00026959  0.00142446  0.00207632  0.00042118  0.00007265  0.00018797 -0.00003607
   0.24513936 -0.32562164 -0.09301914  0.03259265 -0.02929003 -0.01892668 -0.27836444  0.35395027  0.11183029]
 [ 0.00014698 -0.00003004 -0.000511   -0.00055615  0.00016159  0.00058321  0.00007351 -0.00011805  0.00005753
   0.1542181  -0.13694825 -0.08302019 -0.02064643  0.02510446  0.00794734 -0.13323601  0.11183029  0.07494311]]
